yarn run v1.22.22
$ C:\Users\giang\OneDrive\Desktop\gitpj\manage-remote-deploy-git\mobile\node_modules\.bin\tsc --noEmit
app/(tabs)/test-runner/index.tsx(129,25): error TS2345: Argument of type '"progress"' is not assignable to parameter of type 'EventType<never>'.
app/(tabs)/test-runner/index.tsx(141,25): error TS2345: Argument of type '"result"' is not assignable to parameter of type 'EventType<never>'.
app/(tabs)/test-runner/index.tsx(153,25): error TS2345: Argument of type '"complete"' is not assignable to parameter of type 'EventType<never>'.
node.exe : error Command failed 
with exit code 2.
At C:\Users\giang\AppData\Roaming\n
pm\yarn.ps1:24 char:5
+     & "node$exe"  "$basedir/node_
modules/yarn/bin/yarn.js" $args
+     ~~~~~~~~~~~~~~~~~~~~~~~~~~~~~
~~~~~~~~~~~~~~~~~~~~~~~~~~~~~~~
    + CategoryInfo          : NotS 
   pecified: (error Command faile  
  d with exit code 2.:String) []   
 , RemoteException
    + FullyQualifiedErrorId : Nati 
   veCommandError
 
info Visit https://yarnpkg.com/en/docs/cli/run for documentation about this command.
